[INFO] Scanning for projects...
[INFO] 
[INFO] ----------------------< com.alphabit:isbnscanner >----------------------
[INFO] Building isbnscanner 0.0.1-SNAPSHOT
[INFO]   from pom.xml
[INFO] --------------------------------[ war ]---------------------------------
[INFO] 
[INFO] --- clean:3.2.0:clean (default-clean) @ isbnscanner ---
[INFO] Deleting C:\Alphabit Technologies\Java_service\target
[INFO] 
[INFO] --- resources:3.2.0:resources (default-resources) @ isbnscanner ---
[INFO] Using 'UTF-8' encoding to copy filtered resources.
[INFO] Using 'UTF-8' encoding to copy filtered properties files.
[INFO] Copying 1 resource
[INFO] Copying 0 resource
[INFO] 
[INFO] --- compiler:3.10.1:compile (default-compile) @ isbnscanner ---
[INFO] Changes detected - recompiling the module!
[INFO] Compiling 29 source files to C:\Alphabit Technologies\Java_service\target\classes
[INFO] /C:/Alphabit Technologies/Java_service/src/main/java/com/alphabit/isbnscanner/service/IsbnLookupService.java: C:\Alphabit Technologies\Java_service\src\main\java\com\alphabit\isbnscanner\service\IsbnLookupService.java uses or overrides a deprecated API.
[INFO] /C:/Alphabit Technologies/Java_service/src/main/java/com/alphabit/isbnscanner/service/IsbnLookupService.java: Recompile with -Xlint:deprecation for details.
[INFO] -------------------------------------------------------------
[ERROR] COMPILATION ERROR : 
[INFO] -------------------------------------------------------------
[ERROR] /C:/Alphabit Technologies/Java_service/src/main/java/com/alphabit/isbnscanner/auth/AuthController.java:[6,38] cannot find symbol
  symbol:   class PlantMst
  location: package com.alphabit.isbnscanner.model
[ERROR] /C:/Alphabit Technologies/Java_service/src/main/java/com/alphabit/isbnscanner/helpers/utils/CryptoAlgoUtil.java:[3,48] package com.alphabit.isbnscanner.helpers.configs does not exist
[ERROR] /C:/Alphabit Technologies/Java_service/src/main/java/com/alphabit/isbnscanner/auth/AuthController.java:[44,33] cannot find symbol
  symbol:   method setStatus(boolean)
  location: variable loginResponseDao of type com.alphabit.isbnscanner.auth.dao.LoginResponseDao
[ERROR] /C:/Alphabit Technologies/Java_service/src/main/java/com/alphabit/isbnscanner/auth/AuthController.java:[47,23] cannot find symbol
  symbol:   method setLoginstatus(boolean)
  location: variable result of type com.alphabit.isbnscanner.helpers.common.results.ResultPlantListDao
[ERROR] /C:/Alphabit Technologies/Java_service/src/main/java/com/alphabit/isbnscanner/auth/AuthController.java:[48,91] cannot find symbol
  symbol:   method getEmail()
  location: variable loginRequestDao of type com.alphabit.isbnscanner.auth.dao.LoginRequestDao
[ERROR] /C:/Alphabit Technologies/Java_service/src/main/java/com/alphabit/isbnscanner/auth/AuthController.java:[52,52] cannot find symbol
  symbol:   method getDept()
  location: variable userinfo of type com.alphabit.isbnscanner.model.UserInfo
[ERROR] /C:/Alphabit Technologies/Java_service/src/main/java/com/alphabit/isbnscanner/auth/AuthController.java:[55,23] cannot find symbol
  symbol:   method setPlantlist(java.util.List<com.alphabit.isbnscanner.helpers.common.results.plantList>)
  location: variable result of type com.alphabit.isbnscanner.helpers.common.results.ResultPlantListDao
[ERROR] /C:/Alphabit Technologies/Java_service/src/main/java/com/alphabit/isbnscanner/auth/AuthController.java:[56,33] cannot find symbol
  symbol:   method setResult(com.alphabit.isbnscanner.helpers.common.results.ResultPlantListDao)
  location: variable loginResponseDao of type com.alphabit.isbnscanner.auth.dao.LoginResponseDao
[ERROR] /C:/Alphabit Technologies/Java_service/src/main/java/com/alphabit/isbnscanner/auth/AuthController.java:[65,23] cannot find symbol
  symbol:   method setToken(java.lang.String)
  location: variable result of type com.alphabit.isbnscanner.auth.dao.Result
[ERROR] /C:/Alphabit Technologies/Java_service/src/main/java/com/alphabit/isbnscanner/auth/AuthController.java:[66,50] cannot find symbol
  symbol:   method getEmail()
  location: variable loginRequestDao of type com.alphabit.isbnscanner.auth.dao.LoginRequestDao
[ERROR] /C:/Alphabit Technologies/Java_service/src/main/java/com/alphabit/isbnscanner/auth/AuthController.java:[67,48] cannot find symbol
  symbol:   method getPlant()
  location: variable loginRequestDao of type com.alphabit.isbnscanner.auth.dao.LoginRequestDao
[ERROR] /C:/Alphabit Technologies/Java_service/src/main/java/com/alphabit/isbnscanner/auth/AuthService.java:[52,32] cannot find symbol
  symbol:   method getUserId()
  location: variable userDao of type com.alphabit.isbnscanner.model.UserInfo
[ERROR] /C:/Alphabit Technologies/Java_service/src/main/java/com/alphabit/isbnscanner/auth/AuthService.java:[52,53] cannot find symbol
  symbol:   method getPassword()
  location: variable userDao of type com.alphabit.isbnscanner.model.UserInfo
[ERROR] /C:/Alphabit Technologies/Java_service/src/main/java/com/alphabit/isbnscanner/auth/AuthService.java:[60,48] cannot find symbol
  symbol:   method getUsername()
  location: variable authenticationRequest of type com.alphabit.isbnscanner.auth.dao.AuthRequestDao
[ERROR] /C:/Alphabit Technologies/Java_service/src/main/java/com/alphabit/isbnscanner/auth/AuthService.java:[61,71] cannot find symbol
  symbol:   method getPassword()
  location: variable authenticationRequest of type com.alphabit.isbnscanner.auth.dao.AuthRequestDao
[ERROR] /C:/Alphabit Technologies/Java_service/src/main/java/com/alphabit/isbnscanner/auth/AuthService.java:[76,72] cannot find symbol
  symbol:   method getUserId()
  location: variable userDao of type com.alphabit.isbnscanner.model.UserInfo
[ERROR] /C:/Alphabit Technologies/Java_service/src/main/java/com/alphabit/isbnscanner/auth/AuthService.java:[77,27] constructor AuthTokensDao in class com.alphabit.isbnscanner.auth.dao.AuthTokensDao cannot be applied to given types;
  required: no arguments
  found:    java.lang.String,java.lang.String
  reason: actual and formal argument lists differ in length
[ERROR] /C:/Alphabit Technologies/Java_service/src/main/java/com/alphabit/isbnscanner/auth/AuthService.java:[85,75] cannot find symbol
  symbol:   method getRefreshToken()
  location: variable authTokens of type com.alphabit.isbnscanner.auth.dao.AuthTokensDao
[ERROR] /C:/Alphabit Technologies/Java_service/src/main/java/com/alphabit/isbnscanner/auth/AuthService.java:[86,80] cannot find symbol
  symbol:   method getRefreshToken()
  location: variable authTokens of type com.alphabit.isbnscanner.auth.dao.AuthTokensDao
[ERROR] /C:/Alphabit Technologies/Java_service/src/main/java/com/alphabit/isbnscanner/auth/AuthService.java:[100,42] cannot find symbol
  symbol:   method getEmail()
  location: variable loginRequestDao of type com.alphabit.isbnscanner.auth.dao.LoginRequestDao
[ERROR] /C:/Alphabit Technologies/Java_service/src/main/java/com/alphabit/isbnscanner/auth/AuthService.java:[101,65] cannot find symbol
  symbol:   method getPassword()
  location: variable loginRequestDao of type com.alphabit.isbnscanner.auth.dao.LoginRequestDao
[ERROR] /C:/Alphabit Technologies/Java_service/src/main/java/com/alphabit/isbnscanner/auth/AuthService.java:[119,42] cannot find symbol
  symbol:   method getEmail()
  location: variable loginRequestDao of type com.alphabit.isbnscanner.auth.dao.LoginRequestDao
[ERROR] /C:/Alphabit Technologies/Java_service/src/main/java/com/alphabit/isbnscanner/auth/AuthService.java:[120,65] cannot find symbol
  symbol:   method getPassword()
  location: variable loginRequestDao of type com.alphabit.isbnscanner.auth.dao.LoginRequestDao
[ERROR] /C:/Alphabit Technologies/Java_service/src/main/java/com/alphabit/isbnscanner/auth/AuthService.java:[131,79] cannot find symbol
  symbol:   method getPlant()
  location: variable loginRequestDao of type com.alphabit.isbnscanner.auth.dao.LoginRequestDao
[ERROR] /C:/Alphabit Technologies/Java_service/src/main/java/com/alphabit/isbnscanner/helpers/utils/JwtUtil.java:[66,34] cannot find symbol
  symbol:   method getDept()
  location: variable userDetails of type com.alphabit.isbnscanner.model.UserInfo
[ERROR] /C:/Alphabit Technologies/Java_service/src/main/java/com/alphabit/isbnscanner/helpers/utils/JwtUtil.java:[66,57] cannot find symbol
  symbol:   method getUserId()
  location: variable userDetails of type com.alphabit.isbnscanner.model.UserInfo
[ERROR] /C:/Alphabit Technologies/Java_service/src/main/java/com/alphabit/isbnscanner/helpers/utils/JwtUtil.java:[67,51] cannot find symbol
  symbol:   method getUserId()
  location: variable userDetails of type com.alphabit.isbnscanner.model.UserInfo
[ERROR] /C:/Alphabit Technologies/Java_service/src/main/java/com/alphabit/isbnscanner/helpers/common/token/ClaimsSet.java:[30,34] cannot find symbol
  symbol:   method getDept()
  location: variable userDao of type com.alphabit.isbnscanner.model.UserInfo
[ERROR] /C:/Alphabit Technologies/Java_service/src/main/java/com/alphabit/isbnscanner/helpers/common/token/ClaimsSet.java:[31,34] cannot find symbol
  symbol:   method getUserName()
  location: variable userDao of type com.alphabit.isbnscanner.model.UserInfo
[ERROR] /C:/Alphabit Technologies/Java_service/src/main/java/com/alphabit/isbnscanner/helpers/common/token/ClaimsSet.java:[33,34] cannot find symbol
  symbol:   method getUserId()
  location: variable userDao of type com.alphabit.isbnscanner.model.UserInfo
[ERROR] /C:/Alphabit Technologies/Java_service/src/main/java/com/alphabit/isbnscanner/helpers/common/token/ClaimsSet.java:[39,40] cannot find symbol
  symbol:   method getPlt()
  location: variable claimsDao of type com.alphabit.isbnscanner.helpers.common.token.ClaimsDao
[ERROR] /C:/Alphabit Technologies/Java_service/src/main/java/com/alphabit/isbnscanner/helpers/common/token/ClaimsSet.java:[39,60] cannot find symbol
  symbol:   method getEid()
  location: variable claimsDao of type com.alphabit.isbnscanner.helpers.common.token.ClaimsDao
[ERROR] /C:/Alphabit Technologies/Java_service/src/main/java/com/alphabit/isbnscanner/helpers/common/token/ClaimsSet.java:[51,47] cannot find symbol
  symbol:   method getEid()
  location: variable claimsDao of type com.alphabit.isbnscanner.helpers.common.token.ClaimsDao
[ERROR] /C:/Alphabit Technologies/Java_service/src/main/java/com/alphabit/isbnscanner/helpers/utils/CryptoAlgoUtil.java:[28,21] package LoggerConfig does not exist
[INFO] 34 errors 
[INFO] -------------------------------------------------------------
[INFO] ------------------------------------------------------------------------
[INFO] BUILD FAILURE
[INFO] ------------------------------------------------------------------------
[INFO] Total time:  2.231 s
[INFO] Finished at: 2026-04-08T00:31:53+05:30
[INFO] ------------------------------------------------------------------------
[ERROR] Failed to execute goal org.apache.maven.plugins:maven-compiler-plugin:3.10.1:compile (default-compile) on project isbnscanner: Compilation failure: Compilation failure: 
[ERROR] /C:/Alphabit Technologies/Java_service/src/main/java/com/alphabit/isbnscanner/auth/AuthController.java:[6,38] cannot find symbol
[ERROR]   symbol:   class PlantMst
[ERROR]   location: package com.alphabit.isbnscanner.model
[ERROR] /C:/Alphabit Technologies/Java_service/src/main/java/com/alphabit/isbnscanner/helpers/utils/CryptoAlgoUtil.java:[3,48] package com.alphabit.isbnscanner.helpers.configs does not exist
[ERROR] /C:/Alphabit Technologies/Java_service/src/main/java/com/alphabit/isbnscanner/auth/AuthController.java:[44,33] cannot find symbol
[ERROR]   symbol:   method setStatus(boolean)
[ERROR]   location: variable loginResponseDao of type com.alphabit.isbnscanner.auth.dao.LoginResponseDao
[ERROR] /C:/Alphabit Technologies/Java_service/src/main/java/com/alphabit/isbnscanner/auth/AuthController.java:[47,23] cannot find symbol
[ERROR]   symbol:   method setLoginstatus(boolean)
[ERROR]   location: variable result of type com.alphabit.isbnscanner.helpers.common.results.ResultPlantListDao
[ERROR] /C:/Alphabit Technologies/Java_service/src/main/java/com/alphabit/isbnscanner/auth/AuthController.java:[48,91] cannot find symbol
[ERROR]   symbol:   method getEmail()
[ERROR]   location: variable loginRequestDao of type com.alphabit.isbnscanner.auth.dao.LoginRequestDao
[ERROR] /C:/Alphabit Technologies/Java_service/src/main/java/com/alphabit/isbnscanner/auth/AuthController.java:[52,52] cannot find symbol
[ERROR]   symbol:   method getDept()
[ERROR]   location: variable userinfo of type com.alphabit.isbnscanner.model.UserInfo
[ERROR] /C:/Alphabit Technologies/Java_service/src/main/java/com/alphabit/isbnscanner/auth/AuthController.java:[55,23] cannot find symbol
[ERROR]   symbol:   method setPlantlist(java.util.List<com.alphabit.isbnscanner.helpers.common.results.plantList>)
[ERROR]   location: variable result of type com.alphabit.isbnscanner.helpers.common.results.ResultPlantListDao
[ERROR] /C:/Alphabit Technologies/Java_service/src/main/java/com/alphabit/isbnscanner/auth/AuthController.java:[56,33] cannot find symbol
[ERROR]   symbol:   method setResult(com.alphabit.isbnscanner.helpers.common.results.ResultPlantListDao)
[ERROR]   location: variable loginResponseDao of type com.alphabit.isbnscanner.auth.dao.LoginResponseDao
[ERROR] /C:/Alphabit Technologies/Java_service/src/main/java/com/alphabit/isbnscanner/auth/AuthController.java:[65,23] cannot find symbol
[ERROR]   symbol:   method setToken(java.lang.String)
[ERROR]   location: variable result of type com.alphabit.isbnscanner.auth.dao.Result
[ERROR] /C:/Alphabit Technologies/Java_service/src/main/java/com/alphabit/isbnscanner/auth/AuthController.java:[66,50] cannot find symbol
[ERROR]   symbol:   method getEmail()
[ERROR]   location: variable loginRequestDao of type com.alphabit.isbnscanner.auth.dao.LoginRequestDao
[ERROR] /C:/Alphabit Technologies/Java_service/src/main/java/com/alphabit/isbnscanner/auth/AuthController.java:[67,48] cannot find symbol
[ERROR]   symbol:   method getPlant()
[ERROR]   location: variable loginRequestDao of type com.alphabit.isbnscanner.auth.dao.LoginRequestDao
[ERROR] /C:/Alphabit Technologies/Java_service/src/main/java/com/alphabit/isbnscanner/auth/AuthService.java:[52,32] cannot find symbol
[ERROR]   symbol:   method getUserId()
[ERROR]   location: variable userDao of type com.alphabit.isbnscanner.model.UserInfo
[ERROR] /C:/Alphabit Technologies/Java_service/src/main/java/com/alphabit/isbnscanner/auth/AuthService.java:[52,53] cannot find symbol
[ERROR]   symbol:   method getPassword()
[ERROR]   location: variable userDao of type com.alphabit.isbnscanner.model.UserInfo
[ERROR] /C:/Alphabit Technologies/Java_service/src/main/java/com/alphabit/isbnscanner/auth/AuthService.java:[60,48] cannot find symbol
[ERROR]   symbol:   method getUsername()
[ERROR]   location: variable authenticationRequest of type com.alphabit.isbnscanner.auth.dao.AuthRequestDao
[ERROR] /C:/Alphabit Technologies/Java_service/src/main/java/com/alphabit/isbnscanner/auth/AuthService.java:[61,71] cannot find symbol
[ERROR]   symbol:   method getPassword()
[ERROR]   location: variable authenticationRequest of type com.alphabit.isbnscanner.auth.dao.AuthRequestDao
[ERROR] /C:/Alphabit Technologies/Java_service/src/main/java/com/alphabit/isbnscanner/auth/AuthService.java:[76,72] cannot find symbol
[ERROR]   symbol:   method getUserId()
[ERROR]   location: variable userDao of type com.alphabit.isbnscanner.model.UserInfo
[ERROR] /C:/Alphabit Technologies/Java_service/src/main/java/com/alphabit/isbnscanner/auth/AuthService.java:[77,27] constructor AuthTokensDao in class com.alphabit.isbnscanner.auth.dao.AuthTokensDao cannot be applied to given types;
[ERROR]   required: no arguments
[ERROR]   found:    java.lang.String,java.lang.String
[ERROR]   reason: actual and formal argument lists differ in length
[ERROR] /C:/Alphabit Technologies/Java_service/src/main/java/com/alphabit/isbnscanner/auth/AuthService.java:[85,75] cannot find symbol
[ERROR]   symbol:   method getRefreshToken()
[ERROR]   location: variable authTokens of type com.alphabit.isbnscanner.auth.dao.AuthTokensDao
[ERROR] /C:/Alphabit Technologies/Java_service/src/main/java/com/alphabit/isbnscanner/auth/AuthService.java:[86,80] cannot find symbol
[ERROR]   symbol:   method getRefreshToken()
[ERROR]   location: variable authTokens of type com.alphabit.isbnscanner.auth.dao.AuthTokensDao
[ERROR] /C:/Alphabit Technologies/Java_service/src/main/java/com/alphabit/isbnscanner/auth/AuthService.java:[100,42] cannot find symbol
[ERROR]   symbol:   method getEmail()
[ERROR]   location: variable loginRequestDao of type com.alphabit.isbnscanner.auth.dao.LoginRequestDao
[ERROR] /C:/Alphabit Technologies/Java_service/src/main/java/com/alphabit/isbnscanner/auth/AuthService.java:[101,65] cannot find symbol
[ERROR]   symbol:   method getPassword()
[ERROR]   location: variable loginRequestDao of type com.alphabit.isbnscanner.auth.dao.LoginRequestDao
[ERROR] /C:/Alphabit Technologies/Java_service/src/main/java/com/alphabit/isbnscanner/auth/AuthService.java:[119,42] cannot find symbol
[ERROR]   symbol:   method getEmail()
[ERROR]   location: variable loginRequestDao of type com.alphabit.isbnscanner.auth.dao.LoginRequestDao
[ERROR] /C:/Alphabit Technologies/Java_service/src/main/java/com/alphabit/isbnscanner/auth/AuthService.java:[120,65] cannot find symbol
[ERROR]   symbol:   method getPassword()
[ERROR]   location: variable loginRequestDao of type com.alphabit.isbnscanner.auth.dao.LoginRequestDao
[ERROR] /C:/Alphabit Technologies/Java_service/src/main/java/com/alphabit/isbnscanner/auth/AuthService.java:[131,79] cannot find symbol
[ERROR]   symbol:   method getPlant()
[ERROR]   location: variable loginRequestDao of type com.alphabit.isbnscanner.auth.dao.LoginRequestDao
[ERROR] /C:/Alphabit Technologies/Java_service/src/main/java/com/alphabit/isbnscanner/helpers/utils/JwtUtil.java:[66,34] cannot find symbol
[ERROR]   symbol:   method getDept()
[ERROR]   location: variable userDetails of type com.alphabit.isbnscanner.model.UserInfo
[ERROR] /C:/Alphabit Technologies/Java_service/src/main/java/com/alphabit/isbnscanner/helpers/utils/JwtUtil.java:[66,57] cannot find symbol
[ERROR]   symbol:   method getUserId()
[ERROR]   location: variable userDetails of type com.alphabit.isbnscanner.model.UserInfo
[ERROR] /C:/Alphabit Technologies/Java_service/src/main/java/com/alphabit/isbnscanner/helpers/utils/JwtUtil.java:[67,51] cannot find symbol
[ERROR]   symbol:   method getUserId()
[ERROR]   location: variable userDetails of type com.alphabit.isbnscanner.model.UserInfo
[ERROR] /C:/Alphabit Technologies/Java_service/src/main/java/com/alphabit/isbnscanner/helpers/common/token/ClaimsSet.java:[30,34] cannot find symbol
[ERROR]   symbol:   method getDept()
[ERROR]   location: variable userDao of type com.alphabit.isbnscanner.model.UserInfo
[ERROR] /C:/Alphabit Technologies/Java_service/src/main/java/com/alphabit/isbnscanner/helpers/common/token/ClaimsSet.java:[31,34] cannot find symbol
[ERROR]   symbol:   method getUserName()
[ERROR]   location: variable userDao of type com.alphabit.isbnscanner.model.UserInfo
[ERROR] /C:/Alphabit Technologies/Java_service/src/main/java/com/alphabit/isbnscanner/helpers/common/token/ClaimsSet.java:[33,34] cannot find symbol
[ERROR]   symbol:   method getUserId()
[ERROR]   location: variable userDao of type com.alphabit.isbnscanner.model.UserInfo
[ERROR] /C:/Alphabit Technologies/Java_service/src/main/java/com/alphabit/isbnscanner/helpers/common/token/ClaimsSet.java:[39,40] cannot find symbol
[ERROR]   symbol:   method getPlt()
[ERROR]   location: variable claimsDao of type com.alphabit.isbnscanner.helpers.common.token.ClaimsDao
[ERROR] /C:/Alphabit Technologies/Java_service/src/main/java/com/alphabit/isbnscanner/helpers/common/token/ClaimsSet.java:[39,60] cannot find symbol
[ERROR]   symbol:   method getEid()
[ERROR]   location: variable claimsDao of type com.alphabit.isbnscanner.helpers.common.token.ClaimsDao
[ERROR] /C:/Alphabit Technologies/Java_service/src/main/java/com/alphabit/isbnscanner/helpers/common/token/ClaimsSet.java:[51,47] cannot find symbol
[ERROR]   symbol:   method getEid()
[ERROR]   location: variable claimsDao of type com.alphabit.isbnscanner.helpers.common.token.ClaimsDao
[ERROR] /C:/Alphabit Technologies/Java_service/src/main/java/com/alphabit/isbnscanner/helpers/utils/CryptoAlgoUtil.java:[28,21] package LoggerConfig does not exist
[ERROR] -> [Help 1]
[ERROR] 
[ERROR] To see the full stack trace of the errors, re-run Maven with the -e switch.
[ERROR] Re-run Maven using the -X switch to enable full debug logging.
[ERROR] 
[ERROR] For more information about the errors and possible solutions, please read the following articles:
[ERROR] [Help 1] http://cwiki.apache.org/confluence/display/MAVEN/MojoFailureException
